---
source: src/pipeline/checker.rs
expression: checked.ast
---
Ast {
    stmts: [
        [stmt] Assign {
            name: [float] "a",
            value: [float] BinOp {
                op: [float] Mul,
                left: [float] BinOp {
                    op: [float] Add,
                    left: [float] Float(
                        1.3,
                    ),
                    right: [float] Float(
                        3.2,
                    ),
                },
                right: [float] Float(
                    45.1,
                ),
            },
        },
        [stmt] Assign {
            name: [float] "b",
            value: [float] BinOp {
                op: [float] Mul,
                left: [float] Variable(
                    [float] "a",
                ),
                right: [float] Float(
                    3.2,
                ),
            },
        },
        [stmt] Print {
            expr: [int] BinOp {
                op: [int] Add,
                left: [int] Integer(
                    1,
                ),
                right: [int] BinOp {
                    op: [int] Mul,
                    left: [int] Integer(
                        2,
                    ),
                    right: [int] Integer(
                        3,
                    ),
                },
            },
        },
    ],
}
