---
source: src/pipeline/tokenizer.rs
expression: tokenized.token_stream
---
TokenStream {
    tokens: [
        [1:1-1] Name(
            "a",
        ),
        [1:3-3] Assign,
        [1:5-5] LParen,
        [1:6-8] Float(
            1.3,
        ),
        [1:10-10] Plus,
        [1:12-14] Float(
            3.2,
        ),
        [1:15-15] RParen,
        [1:17-17] Star,
        [1:19-22] Float(
            45.1,
        ),
        [1:23-23] Semi,
        [1:25-25] Name(
            "b",
        ),
        [1:27-27] Assign,
        [1:29-29] Name(
            "a",
        ),
        [1:31-31] Star,
        [1:33-35] Float(
            3.2,
        ),
        [1:36-36] Semi,
        [1:38-42] Print,
        [1:44-44] Int(
            1,
        ),
        [1:46-46] Plus,
        [1:48-48] Int(
            2,
        ),
        [1:50-50] Star,
        [1:52-52] Int(
            3,
        ),
        [1:53-53] Semi,
    ],
}
