---
source: src/pipeline/llvm.rs
expression: output
---
declare void @_print_int(i32 %x)
declare void @_print_float(double %x)

@a = global double 0.0
@b = global double 0.0

define void @calc_main() {
    %r0 = fadd double 1.3, 3.2
    %r1 = fmul double %r0, 45.1
    store double %r1, double* @a
    %r2 = load double, double* @a
    %r3 = fmul double %r2, 3.2
    store double %r3, double* @b
    %r4 = mul i32 2, 3
    %r5 = add i32 1, %r4
    call void @_print_int(i32 %r5)
    ret void
}

