---
source: src/pipeline/formatter.rs
expression: output
---
a = (1.3 + 3.2) * 45.1;
b = a * 3.2;
print 1 + 2 * 3;

