---
source: src/pipeline/optimizer.rs
expression: optimized.ast
---
Ast {
    stmts: [
        [stmt] Print {
            expr: [int] Integer(
                3,
            ),
        },
    ],
}
