---
source: src/pipeline/formatter.rs
expression: output
---
(1, 2, 3);
(1, 2, 3);
(1,);
1;

